// Jest Snapshot v1, https://goo.gl/fbAQLP

exports[`Snapshot 1`] = `
{
  "Outputs": {
    "ClusterConfigCommand43AAE40F": {
      "Value": {
        "Fn::Join": [
          "",
          [
            "aws eks update-kubeconfig --name ",
            {
              "Ref": "Cluster9EE0221C",
            },
            " --region ",
            {
              "Ref": "AWS::Region",
            },
            " --role-arn ",
            {
              "Fn::GetAtt": [
                "ClusterMastersRole9AA35625",
                "Arn",
              ],
            },
          ],
        ],
      },
    },
    "ClusterGetTokenCommand06AE992E": {
      "Value": {
        "Fn::Join": [
          "",
          [
            "aws eks get-token --cluster-name ",
            {
              "Ref": "Cluster9EE0221C",
            },
            " --region ",
            {
              "Ref": "AWS::Region",
            },
            " --role-arn ",
            {
              "Fn::GetAtt": [
                "ClusterMastersRole9AA35625",
                "Arn",
              ],
            },
          ],
        ],
      },
    },
  },
  "Parameters": {
    "BootstrapVersion": {
      "Default": "/cdk-bootstrap/hnb659fds/version",
      "Description": "Version of the CDK Bootstrap resources in this environment, automatically retrieved from SSM Parameter Store. [cdk:skip]",
      "Type": "AWS::SSM::Parameter::Value<String>",
    },
  },
  "Resources": {
    "Cluster9EE0221C": {
      "DeletionPolicy": "Delete",
      "DependsOn": [
        "ClusterCreationRoleDefaultPolicyE8BDFC7B",
        "ClusterCreationRole360249B6",
        "VpcIGWD7BA715C",
        "VpcPrivateSubnet1DefaultRouteBE02A9ED",
        "VpcPrivateSubnet1RouteTableB2C5B500",
        "VpcPrivateSubnet1RouteTableAssociation70C59FA6",
        "VpcPrivateSubnet1Subnet536B997A",
        "VpcPrivateSubnet2DefaultRoute060D2087",
        "VpcPrivateSubnet2RouteTableA678073B",
        "VpcPrivateSubnet2RouteTableAssociationA89CAD56",
        "VpcPrivateSubnet2Subnet3788AAA1",
        "VpcPublicSubnet1DefaultRoute3DA9E72A",
        "VpcPublicSubnet1EIPD7E02669",
        "VpcPublicSubnet1NATGateway4D7517AA",
        "VpcPublicSubnet1RouteTable6C95E38E",
        "VpcPublicSubnet1RouteTableAssociation97140677",
        "VpcPublicSubnet1Subnet5C2D37C4",
        "VpcPublicSubnet2DefaultRoute97F91067",
        "VpcPublicSubnet2RouteTable94F7E489",
        "VpcPublicSubnet2RouteTableAssociationDD5762D8",
        "VpcPublicSubnet2Subnet691E08A3",
        "Vpc8378EB38",
        "VpcVPCGWBF912B6E",
      ],
      "Properties": {
        "AssumeRoleArn": {
          "Fn::GetAtt": [
            "ClusterCreationRole360249B6",
            "Arn",
          ],
        },
        "AttributesRevision": 2,
        "Config": {
          "resourcesVpcConfig": {
            "endpointPrivateAccess": true,
            "endpointPublicAccess": true,
            "securityGroupIds": [
              {
                "Fn::GetAtt": [
                  "ClusterControlPlaneSecurityGroupD274242C",
                  "GroupId",
                ],
              },
            ],
            "subnetIds": [
              {
                "Ref": "VpcPublicSubnet1Subnet5C2D37C4",
              },
              {
                "Ref": "VpcPublicSubnet2Subnet691E08A3",
              },
              {
                "Ref": "VpcPrivateSubnet1Subnet536B997A",
              },
              {
                "Ref": "VpcPrivateSubnet2Subnet3788AAA1",
              },
            ],
          },
          "roleArn": {
            "Fn::GetAtt": [
              "ClusterRoleFA261979",
              "Arn",
            ],
          },
          "version": "1.19",
        },
        "ServiceToken": {
          "Fn::GetAtt": [
            "awscdkawseksClusterResourceProviderNestedStackawscdkawseksClusterResourceProviderNestedStackResource9827C454",
            "Outputs.testawscdkawseksClusterResourceProviderframeworkonEvent05C9E6FDArn",
          ],
        },
      },
      "Type": "Custom::AWSCDK-EKS-Cluster",
      "UpdateReplacePolicy": "Delete",
    },
    "ClusterAwsAuthmanifestFE51F8AE": {
      "DeletionPolicy": "Delete",
      "DependsOn": [
        "ClusterKubectlReadyBarrier200052AF",
      ],
      "Properties": {
        "ClusterName": {
          "Ref": "Cluster9EE0221C",
        },
        "Manifest": {
          "Fn::Join": [
            "",
            [
              "[{"apiVersion":"v1","kind":"ConfigMap","metadata":{"name":"aws-auth","namespace":"kube-system","labels":{"aws.cdk.eks/prune-c8a944404d9719e46c10fc0c07d2abb7ab0d9376fd":""}},"data":{"mapRoles":"[{\\"rolearn\\":\\"",
              {
                "Fn::GetAtt": [
                  "ClusterMastersRole9AA35625",
                  "Arn",
                ],
              },
              "\\",\\"username\\":\\"",
              {
                "Fn::GetAtt": [
                  "ClusterMastersRole9AA35625",
                  "Arn",
                ],
              },
              "\\",\\"groups\\":[\\"system:masters\\"]},{\\"rolearn\\":\\"",
              {
                "Fn::GetAtt": [
                  "ClusterNodegroupDefaultCapacityNodeGroupRole55953B04",
                  "Arn",
                ],
              },
              "\\",\\"username\\":\\"system:node:{{EC2PrivateDNSName}}\\",\\"groups\\":[\\"system:bootstrappers\\",\\"system:nodes\\"]}]","mapUsers":"[]","mapAccounts":"[]"}}]",
            ],
          ],
        },
        "Overwrite": true,
        "PruneLabel": "aws.cdk.eks/prune-c8a944404d9719e46c10fc0c07d2abb7ab0d9376fd",
        "RoleArn": {
          "Fn::GetAtt": [
            "ClusterCreationRole360249B6",
            "Arn",
          ],
        },
        "ServiceToken": {
          "Fn::GetAtt": [
            "awscdkawseksKubectlProviderNestedStackawscdkawseksKubectlProviderNestedStackResourceA7AEBA6B",
            "Outputs.testawscdkawseksKubectlProviderframeworkonEvent99848F43Arn",
          ],
        },
      },
      "Type": "Custom::AWSCDK-EKS-KubernetesResource",
      "UpdateReplacePolicy": "Delete",
    },
    "ClusterControlPlaneSecurityGroupD274242C": {
      "Properties": {
        "GroupDescription": "EKS Control Plane Security Group",
        "SecurityGroupEgress": [
          {
            "CidrIp": "0.0.0.0/0",
            "Description": "Allow all outbound traffic by default",
            "IpProtocol": "-1",
          },
        ],
        "VpcId": {
          "Ref": "Vpc8378EB38",
        },
      },
      "Type": "AWS::EC2::SecurityGroup",
    },
    "ClusterCreationRole360249B6": {
      "DependsOn": [
        "VpcIGWD7BA715C",
        "VpcPrivateSubnet1DefaultRouteBE02A9ED",
        "VpcPrivateSubnet1RouteTableB2C5B500",
        "VpcPrivateSubnet1RouteTableAssociation70C59FA6",
        "VpcPrivateSubnet1Subnet536B997A",
        "VpcPrivateSubnet2DefaultRoute060D2087",
        "VpcPrivateSubnet2RouteTableA678073B",
        "VpcPrivateSubnet2RouteTableAssociationA89CAD56",
        "VpcPrivateSubnet2Subnet3788AAA1",
        "VpcPublicSubnet1DefaultRoute3DA9E72A",
        "VpcPublicSubnet1EIPD7E02669",
        "VpcPublicSubnet1NATGateway4D7517AA",
        "VpcPublicSubnet1RouteTable6C95E38E",
        "VpcPublicSubnet1RouteTableAssociation97140677",
        "VpcPublicSubnet1Subnet5C2D37C4",
        "VpcPublicSubnet2DefaultRoute97F91067",
        "VpcPublicSubnet2RouteTable94F7E489",
        "VpcPublicSubnet2RouteTableAssociationDD5762D8",
        "VpcPublicSubnet2Subnet691E08A3",
        "Vpc8378EB38",
        "VpcVPCGWBF912B6E",
      ],
      "Properties": {
        "AssumeRolePolicyDocument": {
          "Statement": [
            {
              "Action": "sts:AssumeRole",
              "Effect": "Allow",
              "Principal": {
                "AWS": {
                  "Fn::Join": [
                    "",
                    [
                      "arn:",
                      {
                        "Ref": "AWS::Partition",
                      },
                      ":iam::",
                      {
                        "Ref": "AWS::AccountId",
                      },
                      ":root",
                    ],
                  ],
                },
              },
            },
          ],
          "Version": "2012-10-17",
        },
      },
      "Type": "AWS::IAM::Role",
    },
    "ClusterCreationRoleDefaultPolicyE8BDFC7B": {
      "DependsOn": [
        "VpcIGWD7BA715C",
        "VpcPrivateSubnet1DefaultRouteBE02A9ED",
        "VpcPrivateSubnet1RouteTableB2C5B500",
        "VpcPrivateSubnet1RouteTableAssociation70C59FA6",
        "VpcPrivateSubnet1Subnet536B997A",
        "VpcPrivateSubnet2DefaultRoute060D2087",
        "VpcPrivateSubnet2RouteTableA678073B",
        "VpcPrivateSubnet2RouteTableAssociationA89CAD56",
        "VpcPrivateSubnet2Subnet3788AAA1",
        "VpcPublicSubnet1DefaultRoute3DA9E72A",
        "VpcPublicSubnet1EIPD7E02669",
        "VpcPublicSubnet1NATGateway4D7517AA",
        "VpcPublicSubnet1RouteTable6C95E38E",
        "VpcPublicSubnet1RouteTableAssociation97140677",
        "VpcPublicSubnet1Subnet5C2D37C4",
        "VpcPublicSubnet2DefaultRoute97F91067",
        "VpcPublicSubnet2RouteTable94F7E489",
        "VpcPublicSubnet2RouteTableAssociationDD5762D8",
        "VpcPublicSubnet2Subnet691E08A3",
        "Vpc8378EB38",
        "VpcVPCGWBF912B6E",
      ],
      "Properties": {
        "PolicyDocument": {
          "Statement": [
            {
              "Action": "iam:PassRole",
              "Effect": "Allow",
              "Resource": {
                "Fn::GetAtt": [
                  "ClusterRoleFA261979",
                  "Arn",
                ],
              },
            },
            {
              "Action": [
                "eks:CreateCluster",
                "eks:DescribeCluster",
                "eks:DescribeUpdate",
                "eks:DeleteCluster",
                "eks:UpdateClusterVersion",
                "eks:UpdateClusterConfig",
                "eks:CreateFargateProfile",
                "eks:TagResource",
                "eks:UntagResource",
              ],
              "Effect": "Allow",
              "Resource": [
                "*",
              ],
            },
            {
              "Action": [
                "eks:DescribeFargateProfile",
                "eks:DeleteFargateProfile",
              ],
              "Effect": "Allow",
              "Resource": "*",
            },
            {
              "Action": [
                "iam:GetRole",
                "iam:listAttachedRolePolicies",
              ],
              "Effect": "Allow",
              "Resource": "*",
            },
            {
              "Action": "iam:CreateServiceLinkedRole",
              "Effect": "Allow",
              "Resource": "*",
            },
            {
              "Action": [
                "ec2:DescribeInstances",
                "ec2:DescribeNetworkInterfaces",
                "ec2:DescribeSecurityGroups",
                "ec2:DescribeSubnets",
                "ec2:DescribeRouteTables",
                "ec2:DescribeDhcpOptions",
                "ec2:DescribeVpcs",
              ],
              "Effect": "Allow",
              "Resource": "*",
            },
          ],
          "Version": "2012-10-17",
        },
        "PolicyName": "ClusterCreationRoleDefaultPolicyE8BDFC7B",
        "Roles": [
          {
            "Ref": "ClusterCreationRole360249B6",
          },
        ],
      },
      "Type": "AWS::IAM::Policy",
    },
    "ClusterKubectlReadyBarrier200052AF": {
      "DependsOn": [
        "ClusterCreationRoleDefaultPolicyE8BDFC7B",
        "ClusterCreationRole360249B6",
        "Cluster9EE0221C",
      ],
      "Properties": {
        "Type": "String",
        "Value": "aws:cdk:eks:kubectl-ready",
      },
      "Type": "AWS::SSM::Parameter",
    },
    "ClusterMastersRole9AA35625": {
      "Properties": {
        "AssumeRolePolicyDocument": {
          "Statement": [
            {
              "Action": "sts:AssumeRole",
              "Effect": "Allow",
              "Principal": {
                "AWS": {
                  "Fn::Join": [
                    "",
                    [
                      "arn:",
                      {
                        "Ref": "AWS::Partition",
                      },
                      ":iam::",
                      {
                        "Ref": "AWS::AccountId",
                      },
                      ":root",
                    ],
                  ],
                },
              },
            },
          ],
          "Version": "2012-10-17",
        },
      },
      "Type": "AWS::IAM::Role",
    },
    "ClusterNodegroupDefaultCapacityDA0920A3": {
      "Properties": {
        "AmiType": "AL2_x86_64",
        "ClusterName": {
          "Ref": "Cluster9EE0221C",
        },
        "ForceUpdateEnabled": true,
        "InstanceTypes": [
          "m5.large",
        ],
        "NodeRole": {
          "Fn::GetAtt": [
            "ClusterNodegroupDefaultCapacityNodeGroupRole55953B04",
            "Arn",
          ],
        },
        "ScalingConfig": {
          "DesiredSize": 2,
          "MaxSize": 2,
          "MinSize": 2,
        },
        "Subnets": [
          {
            "Ref": "VpcPrivateSubnet1Subnet536B997A",
          },
          {
            "Ref": "VpcPrivateSubnet2Subnet3788AAA1",
          },
        ],
      },
      "Type": "AWS::EKS::Nodegroup",
    },
    "ClusterNodegroupDefaultCapacityNodeGroupRole55953B04": {
      "Properties": {
        "AssumeRolePolicyDocument": {
          "Statement": [
            {
              "Action": "sts:AssumeRole",
              "Effect": "Allow",
              "Principal": {
                "Service": {
                  "Fn::Join": [
                    "",
                    [
                      "ec2.",
                      {
                        "Ref": "AWS::URLSuffix",
                      },
                    ],
                  ],
                },
              },
            },
          ],
          "Version": "2012-10-17",
        },
        "ManagedPolicyArns": [
          {
            "Fn::Join": [
              "",
              [
                "arn:",
                {
                  "Ref": "AWS::Partition",
                },
                ":iam::aws:policy/AmazonEKSWorkerNodePolicy",
              ],
            ],
          },
          {
            "Fn::Join": [
              "",
              [
                "arn:",
                {
                  "Ref": "AWS::Partition",
                },
                ":iam::aws:policy/AmazonEKS_CNI_Policy",
              ],
            ],
          },
          {
            "Fn::Join": [
              "",
              [
                "arn:",
                {
                  "Ref": "AWS::Partition",
                },
                ":iam::aws:policy/AmazonEC2ContainerRegistryReadOnly",
              ],
            ],
          },
        ],
      },
      "Type": "AWS::IAM::Role",
    },
    "ClusterRoleFA261979": {
      "Properties": {
        "AssumeRolePolicyDocument": {
          "Statement": [
            {
              "Action": "sts:AssumeRole",
              "Effect": "Allow",
              "Principal": {
                "Service": "eks.amazonaws.com",
              },
            },
          ],
          "Version": "2012-10-17",
        },
        "ManagedPolicyArns": [
          {
            "Fn::Join": [
              "",
              [
                "arn:",
                {
                  "Ref": "AWS::Partition",
                },
                ":iam::aws:policy/AmazonEKSClusterPolicy",
              ],
            ],
          },
        ],
      },
      "Type": "AWS::IAM::Role",
    },
    "Vpc8378EB38": {
      "Properties": {
        "CidrBlock": "10.0.0.0/16",
        "EnableDnsHostnames": true,
        "EnableDnsSupport": true,
        "InstanceTenancy": "default",
        "Tags": [
          {
            "Key": "Name",
            "Value": "test/Vpc",
          },
        ],
      },
      "Type": "AWS::EC2::VPC",
    },
    "VpcIGWD7BA715C": {
      "Properties": {
        "Tags": [
          {
            "Key": "Name",
            "Value": "test/Vpc",
          },
        ],
      },
      "Type": "AWS::EC2::InternetGateway",
    },
    "VpcPrivateSubnet1DefaultRouteBE02A9ED": {
      "Properties": {
        "DestinationCidrBlock": "0.0.0.0/0",
        "NatGatewayId": {
          "Ref": "VpcPublicSubnet1NATGateway4D7517AA",
        },
        "RouteTableId": {
          "Ref": "VpcPrivateSubnet1RouteTableB2C5B500",
        },
      },
      "Type": "AWS::EC2::Route",
    },
    "VpcPrivateSubnet1RouteTableAssociation70C59FA6": {
      "Properties": {
        "RouteTableId": {
          "Ref": "VpcPrivateSubnet1RouteTableB2C5B500",
        },
        "SubnetId": {
          "Ref": "VpcPrivateSubnet1Subnet536B997A",
        },
      },
      "Type": "AWS::EC2::SubnetRouteTableAssociation",
    },
    "VpcPrivateSubnet1RouteTableB2C5B500": {
      "Properties": {
        "Tags": [
          {
            "Key": "kubernetes.io/role/internal-elb",
            "Value": "1",
          },
          {
            "Key": "Name",
            "Value": "test/Vpc/PrivateSubnet1",
          },
        ],
        "VpcId": {
          "Ref": "Vpc8378EB38",
        },
      },
      "Type": "AWS::EC2::RouteTable",
    },
    "VpcPrivateSubnet1Subnet536B997A": {
      "Properties": {
        "AvailabilityZone": {
          "Fn::Select": [
            0,
            {
              "Fn::GetAZs": "",
            },
          ],
        },
        "CidrBlock": "10.0.128.0/18",
        "MapPublicIpOnLaunch": false,
        "Tags": [
          {
            "Key": "aws-cdk:subnet-name",
            "Value": "Private",
          },
          {
            "Key": "aws-cdk:subnet-type",
            "Value": "Private",
          },
          {
            "Key": "kubernetes.io/role/internal-elb",
            "Value": "1",
          },
          {
            "Key": "Name",
            "Value": "test/Vpc/PrivateSubnet1",
          },
        ],
        "VpcId": {
          "Ref": "Vpc8378EB38",
        },
      },
      "Type": "AWS::EC2::Subnet",
    },
    "VpcPrivateSubnet2DefaultRoute060D2087": {
      "Properties": {
        "DestinationCidrBlock": "0.0.0.0/0",
        "NatGatewayId": {
          "Ref": "VpcPublicSubnet1NATGateway4D7517AA",
        },
        "RouteTableId": {
          "Ref": "VpcPrivateSubnet2RouteTableA678073B",
        },
      },
      "Type": "AWS::EC2::Route",
    },
    "VpcPrivateSubnet2RouteTableA678073B": {
      "Properties": {
        "Tags": [
          {
            "Key": "kubernetes.io/role/internal-elb",
            "Value": "1",
          },
          {
            "Key": "Name",
            "Value": "test/Vpc/PrivateSubnet2",
          },
        ],
        "VpcId": {
          "Ref": "Vpc8378EB38",
        },
      },
      "Type": "AWS::EC2::RouteTable",
    },
    "VpcPrivateSubnet2RouteTableAssociationA89CAD56": {
      "Properties": {
        "RouteTableId": {
          "Ref": "VpcPrivateSubnet2RouteTableA678073B",
        },
        "SubnetId": {
          "Ref": "VpcPrivateSubnet2Subnet3788AAA1",
        },
      },
      "Type": "AWS::EC2::SubnetRouteTableAssociation",
    },
    "VpcPrivateSubnet2Subnet3788AAA1": {
      "Properties": {
        "AvailabilityZone": {
          "Fn::Select": [
            1,
            {
              "Fn::GetAZs": "",
            },
          ],
        },
        "CidrBlock": "10.0.192.0/18",
        "MapPublicIpOnLaunch": false,
        "Tags": [
          {
            "Key": "aws-cdk:subnet-name",
            "Value": "Private",
          },
          {
            "Key": "aws-cdk:subnet-type",
            "Value": "Private",
          },
          {
            "Key": "kubernetes.io/role/internal-elb",
            "Value": "1",
          },
          {
            "Key": "Name",
            "Value": "test/Vpc/PrivateSubnet2",
          },
        ],
        "VpcId": {
          "Ref": "Vpc8378EB38",
        },
      },
      "Type": "AWS::EC2::Subnet",
    },
    "VpcPublicSubnet1DefaultRoute3DA9E72A": {
      "DependsOn": [
        "VpcVPCGWBF912B6E",
      ],
      "Properties": {
        "DestinationCidrBlock": "0.0.0.0/0",
        "GatewayId": {
          "Ref": "VpcIGWD7BA715C",
        },
        "RouteTableId": {
          "Ref": "VpcPublicSubnet1RouteTable6C95E38E",
        },
      },
      "Type": "AWS::EC2::Route",
    },
    "VpcPublicSubnet1EIPD7E02669": {
      "Properties": {
        "Domain": "vpc",
        "Tags": [
          {
            "Key": "kubernetes.io/role/elb",
            "Value": "1",
          },
          {
            "Key": "Name",
            "Value": "test/Vpc/PublicSubnet1",
          },
        ],
      },
      "Type": "AWS::EC2::EIP",
    },
    "VpcPublicSubnet1NATGateway4D7517AA": {
      "DependsOn": [
        "VpcPublicSubnet1DefaultRoute3DA9E72A",
        "VpcPublicSubnet1RouteTableAssociation97140677",
      ],
      "Properties": {
        "AllocationId": {
          "Fn::GetAtt": [
            "VpcPublicSubnet1EIPD7E02669",
            "AllocationId",
          ],
        },
        "SubnetId": {
          "Ref": "VpcPublicSubnet1Subnet5C2D37C4",
        },
        "Tags": [
          {
            "Key": "kubernetes.io/role/elb",
            "Value": "1",
          },
          {
            "Key": "Name",
            "Value": "test/Vpc/PublicSubnet1",
          },
        ],
      },
      "Type": "AWS::EC2::NatGateway",
    },
    "VpcPublicSubnet1RouteTable6C95E38E": {
      "Properties": {
        "Tags": [
          {
            "Key": "kubernetes.io/role/elb",
            "Value": "1",
          },
          {
            "Key": "Name",
            "Value": "test/Vpc/PublicSubnet1",
          },
        ],
        "VpcId": {
          "Ref": "Vpc8378EB38",
        },
      },
      "Type": "AWS::EC2::RouteTable",
    },
    "VpcPublicSubnet1RouteTableAssociation97140677": {
      "Properties": {
        "RouteTableId": {
          "Ref": "VpcPublicSubnet1RouteTable6C95E38E",
        },
        "SubnetId": {
          "Ref": "VpcPublicSubnet1Subnet5C2D37C4",
        },
      },
      "Type": "AWS::EC2::SubnetRouteTableAssociation",
    },
    "VpcPublicSubnet1Subnet5C2D37C4": {
      "Properties": {
        "AvailabilityZone": {
          "Fn::Select": [
            0,
            {
              "Fn::GetAZs": "",
            },
          ],
        },
        "CidrBlock": "10.0.0.0/18",
        "MapPublicIpOnLaunch": true,
        "Tags": [
          {
            "Key": "aws-cdk:subnet-name",
            "Value": "Public",
          },
          {
            "Key": "aws-cdk:subnet-type",
            "Value": "Public",
          },
          {
            "Key": "kubernetes.io/role/elb",
            "Value": "1",
          },
          {
            "Key": "Name",
            "Value": "test/Vpc/PublicSubnet1",
          },
        ],
        "VpcId": {
          "Ref": "Vpc8378EB38",
        },
      },
      "Type": "AWS::EC2::Subnet",
    },
    "VpcPublicSubnet2DefaultRoute97F91067": {
      "DependsOn": [
        "VpcVPCGWBF912B6E",
      ],
      "Properties": {
        "DestinationCidrBlock": "0.0.0.0/0",
        "GatewayId": {
          "Ref": "VpcIGWD7BA715C",
        },
        "RouteTableId": {
          "Ref": "VpcPublicSubnet2RouteTable94F7E489",
        },
      },
      "Type": "AWS::EC2::Route",
    },
    "VpcPublicSubnet2RouteTable94F7E489": {
      "Properties": {
        "Tags": [
          {
            "Key": "kubernetes.io/role/elb",
            "Value": "1",
          },
          {
            "Key": "Name",
            "Value": "test/Vpc/PublicSubnet2",
          },
        ],
        "VpcId": {
          "Ref": "Vpc8378EB38",
        },
      },
      "Type": "AWS::EC2::RouteTable",
    },
    "VpcPublicSubnet2RouteTableAssociationDD5762D8": {
      "Properties": {
        "RouteTableId": {
          "Ref": "VpcPublicSubnet2RouteTable94F7E489",
        },
        "SubnetId": {
          "Ref": "VpcPublicSubnet2Subnet691E08A3",
        },
      },
      "Type": "AWS::EC2::SubnetRouteTableAssociation",
    },
    "VpcPublicSubnet2Subnet691E08A3": {
      "Properties": {
        "AvailabilityZone": {
          "Fn::Select": [
            1,
            {
              "Fn::GetAZs": "",
            },
          ],
        },
        "CidrBlock": "10.0.64.0/18",
        "MapPublicIpOnLaunch": true,
        "Tags": [
          {
            "Key": "aws-cdk:subnet-name",
            "Value": "Public",
          },
          {
            "Key": "aws-cdk:subnet-type",
            "Value": "Public",
          },
          {
            "Key": "kubernetes.io/role/elb",
            "Value": "1",
          },
          {
            "Key": "Name",
            "Value": "test/Vpc/PublicSubnet2",
          },
        ],
        "VpcId": {
          "Ref": "Vpc8378EB38",
        },
      },
      "Type": "AWS::EC2::Subnet",
    },
    "VpcVPCGWBF912B6E": {
      "Properties": {
        "InternetGatewayId": {
          "Ref": "VpcIGWD7BA715C",
        },
        "VpcId": {
          "Ref": "Vpc8378EB38",
        },
      },
      "Type": "AWS::EC2::VPCGatewayAttachment",
    },
    "awscdkawseksClusterResourceProviderNestedStackawscdkawseksClusterResourceProviderNestedStackResource9827C454": {
      "DeletionPolicy": "Delete",
      "Properties": {
        "Parameters": {
          "referencetotestClusterCreationRole7C584096Arn": {
            "Fn::GetAtt": [
              "ClusterCreationRole360249B6",
              "Arn",
            ],
          },
        },
        "TemplateURL": {
          "Fn::Join": [
            "",
            [
              "https://s3.",
              {
                "Ref": "AWS::Region",
              },
              ".",
              {
                "Ref": "AWS::URLSuffix",
              },
              "/",
              {
                "Fn::Sub": "cdk-hnb659fds-assets-\${AWS::AccountId}-\${AWS::Region}",
              },
              "/1072c968b9e89cf3078843b791446732a1dc0d59867273a7a8f61bc099173ee2.json",
            ],
          ],
        },
      },
      "Type": "AWS::CloudFormation::Stack",
      "UpdateReplacePolicy": "Delete",
    },
    "awscdkawseksKubectlProviderNestedStackawscdkawseksKubectlProviderNestedStackResourceA7AEBA6B": {
      "DeletionPolicy": "Delete",
      "DependsOn": [
        "VpcPrivateSubnet1DefaultRouteBE02A9ED",
        "VpcPrivateSubnet1RouteTableAssociation70C59FA6",
        "VpcPrivateSubnet2DefaultRoute060D2087",
        "VpcPrivateSubnet2RouteTableAssociationA89CAD56",
      ],
      "Properties": {
        "Parameters": {
          "referencetotestCluster7B66251EArn": {
            "Fn::GetAtt": [
              "Cluster9EE0221C",
              "Arn",
            ],
          },
          "referencetotestCluster7B66251EClusterSecurityGroupId": {
            "Fn::GetAtt": [
              "Cluster9EE0221C",
              "ClusterSecurityGroupId",
            ],
          },
          "referencetotestClusterCreationRole7C584096Arn": {
            "Fn::GetAtt": [
              "ClusterCreationRole360249B6",
              "Arn",
            ],
          },
          "referencetotestVpcPrivateSubnet1SubnetD6A658CERef": {
            "Ref": "VpcPrivateSubnet1Subnet536B997A",
          },
          "referencetotestVpcPrivateSubnet2Subnet72DFDA9DRef": {
            "Ref": "VpcPrivateSubnet2Subnet3788AAA1",
          },
        },
        "TemplateURL": {
          "Fn::Join": [
            "",
            [
              "https://s3.",
              {
                "Ref": "AWS::Region",
              },
              ".",
              {
                "Ref": "AWS::URLSuffix",
              },
              "/",
              {
                "Fn::Sub": "cdk-hnb659fds-assets-\${AWS::AccountId}-\${AWS::Region}",
              },
              "/86334c1feb0534a19d3527b70e379b1fb50419c09b2609c0f3bb91b3804142fe.json",
            ],
          ],
        },
      },
      "Type": "AWS::CloudFormation::Stack",
      "UpdateReplacePolicy": "Delete",
    },
  },
  "Rules": {
    "CheckBootstrapVersion": {
      "Assertions": [
        {
          "Assert": {
            "Fn::Not": [
              {
                "Fn::Contains": [
                  [
                    "1",
                    "2",
                    "3",
                    "4",
                    "5",
                  ],
                  {
                    "Ref": "BootstrapVersion",
                  },
                ],
              },
            ],
          },
          "AssertDescription": "CDK bootstrap stack version 6 required. Please run 'cdk bootstrap' with a recent version of the CDK CLI.",
        },
      ],
    },
  },
}
`;
